[0m
> build · glm-5.3
[0m
[0m→ [0mRead prompt.md
[0m→ [0mRead README.md
[0m✱ [0mGlob "week3/**"[90m 25 matches[0m
[0m→ [0mRead week3/day15_kv_cache_manager_block_pool.md[90m [limit=60][0m
[0m→ [0mRead week3/day19_async_scheduling.md[90m [limit=60][0m
本周已有 day15~19 和 day21，缺 day20。先浏览本周文件开头了解结构。
[0m→ [0mRead week3/day21_continuous_batching_scheduler.md[90m [limit=80][0m
[0m✱ [0mGrep "Day 20"[90m in week3/README.md · 24 matches[0m
[0m→ [0mRead week3/README.md[90m [limit=160, offset=464][0m
[0m→ [0mRead week3/day21_continuous_batching_scheduler.md[90m [limit=70, offset=218][0m
再看 Day 21 中与 Day 20 的接口契约细节（§4.1 与替身代码），确保 Day 20 内容与已有文件衔接一致。
[0m→ [0mRead week3/day21_continuous_batching_scheduler.md[90m [limit=80, offset=566][0m
[0m→ [0mRead week3/day19_async_scheduling.md[90m [limit=30, offset=522][0m
看 Day 19 结尾的「明日预告」和 Day 15/16 的实验与 COW 细节，保证衔接一致。
[0m✱ [0mGrep "COW|copy.on.write|copy_block|cow"[90m in week3/day16_prefix_caching.md · 63 matches[0m
[0m→ [0mRead week3/day15_kv_cache_manager_block_pool.md[90m [limit=85, offset=485][0m
再看 Day 15 实验 1 的仿真器（Day 15 说它是 Day 20 的第一块积木）和 day16 的实验 1（带缓存的 BlockPool 积木），确保衔接。
[0m✱ [0mGrep "实验 1|积木|Day 20"[90m in week3/day16_prefix_caching.md · 55 matches[0m
[0m✱ [0mGrep "^## "[90m in week3/day21_continuous_batching_scheduler.md · 74 matches[0m
[0m✱ [0mGrep "^## "[90m in week3/day15_kv_cache_manager_block_pool.md · 74 matches[0m
