[2026-10-02 03:02:00] ===== 教程生成开始：Day 1 ~ Day 56（并发 1，冷却 600s，variant low，最多 3 轮）=====
[2026-10-02 03:02:00] ----- 第 1/3 轮 -----
[2026-10-02 03:02:00] Day 1: 已存在产出文件，跳过。
[2026-10-02 03:02:00] Day 2: 已存在产出文件，跳过。
[2026-10-02 03:02:00] Day 3: 已存在产出文件，跳过。
[2026-10-02 03:02:00] Day 4: 已存在产出文件，跳过。
[2026-10-02 03:02:00] Day 5: 已存在产出文件，跳过。
[2026-10-02 03:02:00] Day 6: 已存在产出文件，跳过。
[2026-10-02 03:02:00] Day 7: 发送给 cannbot ...
[2026-10-02 03:02:02] Day 8: 已存在产出文件，跳过。
[2026-10-02 03:02:02] Day 9: 已存在产出文件，跳过。
[2026-10-02 03:09:57] Day 7: 完成，产出文件已确认。
[2026-10-02 03:09:57] 冷却 600s 后生成 Day 10 ...
[2026-10-02 03:19:57] Day 10: 发送给 cannbot ...
[2026-10-02 03:28:56] Day 10: cannbot 正常退出但未找到 day 产出文件，视为失败（详见 logs/day10.log）。
[2026-10-02 03:28:56] 冷却 600s 后生成 Day 11 ...
[2026-10-02 03:38:56] Day 11: 发送给 cannbot ...
[2026-10-02 04:09:08] Day 11: 完成，产出文件已确认。
[2026-10-02 04:09:08] 冷却 600s 后生成 Day 12 ...
[2026-10-02 04:19:09] Day 12: 发送给 cannbot ...
[2026-10-02 05:14:35] Day 12: 完成，产出文件已确认。
[2026-10-02 05:14:35] 冷却 600s 后生成 Day 13 ...
[2026-10-02 05:24:35] Day 13: 发送给 cannbot ...
[2026-10-02 05:36:20] Day 13: cannbot 正常退出但未找到 day 产出文件，视为失败（详见 logs/day13.log）。
[2026-10-02 05:36:20] 冷却 600s 后生成 Day 14 ...
[2026-10-02 05:46:20] Day 14: 发送给 cannbot ...
[2026-10-02 06:01:08] Day 14: 完成，产出文件已确认。
[2026-10-02 06:01:08] 冷却 600s 后生成 Day 15 ...
[2026-10-02 06:11:08] Day 15: 发送给 cannbot ...
[2026-10-02 06:25:05] Day 15: 完成，产出文件已确认。
[2026-10-02 06:25:05] 冷却 600s 后生成 Day 16 ...
[2026-10-02 06:35:05] Day 16: 发送给 cannbot ...
[2026-10-02 06:42:55] Day 16: cannbot 正常退出但未找到 day 产出文件，视为失败（详见 logs/day16.log）。
[2026-10-02 06:42:55] 冷却 600s 后生成 Day 17 ...
[2026-10-02 06:52:55] Day 17: 发送给 cannbot ...
[2026-10-02 07:11:26] Day 17: 完成，产出文件已确认。
[2026-10-02 07:11:26] 冷却 600s 后生成 Day 18 ...
[2026-10-02 07:21:26] Day 18: 发送给 cannbot ...
[2026-10-02 07:36:46] Day 18: 完成，产出文件已确认。
[2026-10-02 07:36:46] 冷却 600s 后生成 Day 19 ...
[2026-10-02 07:46:46] Day 19: 发送给 cannbot ...
[2026-10-02 08:05:57] Day 19: 完成，产出文件已确认。
[2026-10-02 08:05:57] 冷却 600s 后生成 Day 20 ...
[2026-10-02 08:15:57] Day 20: 发送给 cannbot ...
[2026-10-02 08:27:40] Day 20: cannbot 正常退出但未找到 day 产出文件，视为失败（详见 logs/day20.log）。
[2026-10-02 08:27:40] 冷却 600s 后生成 Day 21 ...
