[2026-10-01 23:28:57] ===== 教程生成开始：Day 1 ~ Day 1 =====
[2026-10-01 23:28:57] Day 1: 第 1/3 次尝试，发送给 cannbot ...
[2026-10-01 23:29:00] Day 1: cannbot 退出码非零（详见 logs/day01.log）。
[2026-10-01 23:29:05] Day 1: 第 2/3 次尝试，发送给 cannbot ...
[2026-10-01 23:29:08] Day 1: cannbot 退出码非零（详见 logs/day01.log）。
[2026-10-01 23:29:13] Day 1: 第 3/3 次尝试，发送给 cannbot ...
[2026-10-01 23:29:17] Day 1: cannbot 退出码非零（详见 logs/day01.log）。
[2026-10-01 23:29:22] Day 1: 重试 3 次仍失败，停止。修复后可重新运行本脚本续跑。
[2026-10-01 23:29:48] ===== 教程生成开始：Day 1 ~ Day 1 =====
[2026-10-01 23:29:48] Day 1: 第 1/3 次尝试，发送给 cannbot ...
[2026-10-01 23:44:53] Day 1: 完成，产出文件已确认。
[2026-10-01 23:44:55] ===== 全部完成：Day 1 ~ Day 1 =====
[2026-10-01 23:45:21] ===== 教程生成开始：Day 1 ~ Day 56 =====
[2026-10-01 23:45:21] Day 1: 已存在产出文件，跳过。
[2026-10-01 23:45:21] Day 2: 第 1/3 次尝试，发送给 cannbot ...
[2026-10-01 23:45:32] ===== 教程生成开始：Day 1 ~ Day 56 =====
[2026-10-01 23:45:32] Day 1: 已存在产出文件，跳过。
[2026-10-01 23:45:32] Day 2: 第 1/3 次尝试，发送给 cannbot ...
[2026-10-01 23:47:58] ===== 教程生成开始：Day 1 ~ Day 56（并发数 2）=====
[2026-10-01 23:47:58] Day 1: 已存在产出文件，跳过。
[2026-10-01 23:47:58] Day 2: 第 1/3 次尝试，发送给 cannbot ...
[2026-10-01 23:48:00] Day 3: 第 1/3 次尝试，发送给 cannbot ...
[2026-10-01 23:54:15] Day 2: cannbot 正常退出但未找到 day 产出文件，视为失败。
[2026-10-01 23:54:20] Day 2: 第 2/3 次尝试，发送给 cannbot ...
[2026-10-01 23:54:44] Day 3: cannbot 正常退出但未找到 day 产出文件，视为失败。
[2026-10-01 23:54:49] Day 3: 第 2/3 次尝试，发送给 cannbot ...
[2026-10-01 23:58:46] ===== 教程生成开始：Day 1 ~ Day 56（并发数 1）=====
[2026-10-01 23:58:46] Day 1: 已存在产出文件，跳过。
[2026-10-01 23:58:46] Day 2: 第 1/3 次尝试，发送给 cannbot ...
[2026-10-02 00:10:00] Day 2: 完成，产出文件已确认。
[2026-10-02 00:10:00] Day 3: 第 1/3 次尝试，发送给 cannbot ...
[2026-10-02 00:17:01] Day 3: cannbot 正常退出但未找到 day 产出文件，视为失败。
[2026-10-02 00:17:06] Day 3: 第 2/3 次尝试，发送给 cannbot ...
[2026-10-02 00:23:06] Day 3: cannbot 正常退出但未找到 day 产出文件，视为失败。
[2026-10-02 00:23:11] Day 3: 第 3/3 次尝试，发送给 cannbot ...
[2026-10-02 00:29:15] Day 3: cannbot 正常退出但未找到 day 产出文件，视为失败。
[2026-10-02 00:29:20] Day 3: 重试 3 次仍失败，停止。修复后可重新运行本脚本续跑。
[2026-10-02 00:29:20] 检测到失败任务，停止派发新 Day（已在运行的会跑完）。
[2026-10-02 00:29:20] ===== 存在失败的 Day，请查看 logs/ 后重跑本脚本续跑 =====
[2026-10-02 00:38:13] ===== 教程生成开始：Day 1 ~ Day 56（并发数 1）=====
[2026-10-02 00:38:13] Day 1: 已存在产出文件，跳过。
[2026-10-02 00:38:13] Day 2: 已存在产出文件，跳过。
[2026-10-02 00:38:13] Day 3: 发送给 cannbot ...
[2026-10-02 00:52:32] Day 3: 完成，产出文件已确认。
[2026-10-02 00:52:32] Day 4: 发送给 cannbot ...
[2026-10-02 01:00:00] Day 4: cannbot 正常退出但未找到 day 产出文件，视为失败（详见 logs/day04.log）。
[2026-10-02 01:00:00] Day 5: 发送给 cannbot ...
[2026-10-02 01:02:33] ===== 教程生成开始：Day 1 ~ Day 56（并发数 1）=====
[2026-10-02 01:02:33] Day 1: 已存在产出文件，跳过。
[2026-10-02 01:02:33] Day 2: 已存在产出文件，跳过。
[2026-10-02 01:02:33] Day 3: 已存在产出文件，跳过。
[2026-10-02 01:02:33] Day 4: 发送给 cannbot ...
[2026-10-02 01:18:28] Day 4: 完成，产出文件已确认。
[2026-10-02 01:18:28] Day 5: 发送给 cannbot ...
[2026-10-02 01:25:28] Day 5: cannbot 正常退出但未找到 day 产出文件，视为失败（详见 logs/day05.log）。
[2026-10-02 01:25:28] Day 6: 发送给 cannbot ...
[2026-10-02 01:42:01] Day 6: 完成，产出文件已确认。
[2026-10-02 01:42:01] Day 7: 发送给 cannbot ...
[2026-10-02 01:42:10] ===== 教程生成开始：Day 1 ~ Day 56（并发数 1，冷却 600s）=====
[2026-10-02 01:42:10] Day 1: 已存在产出文件，跳过。
[2026-10-02 01:42:10] Day 2: 已存在产出文件，跳过。
[2026-10-02 01:42:10] Day 3: 已存在产出文件，跳过。
[2026-10-02 01:42:10] Day 4: 已存在产出文件，跳过。
[2026-10-02 01:42:10] Day 5: 发送给 cannbot ...
[2026-10-02 01:42:12] Day 6: 已存在产出文件，跳过。
[2026-10-02 01:58:17] Day 5: 完成，产出文件已确认。
[2026-10-02 01:58:17] 冷却 600s 后生成 Day 7 ...
[2026-10-02 02:08:17] Day 7: 发送给 cannbot ...
[2026-10-02 02:14:38] Day 7: cannbot 正常退出但未找到 day 产出文件，视为失败（详见 logs/day07.log）。
[2026-10-02 02:14:38] 冷却 600s 后生成 Day 8 ...
[2026-10-02 02:24:38] Day 8: 发送给 cannbot ...
[2026-10-02 02:40:16] Day 8: 完成，产出文件已确认。
[2026-10-02 02:40:16] 冷却 600s 后生成 Day 9 ...
[2026-10-02 02:50:16] Day 9: 发送给 cannbot ...
[2026-10-02 03:01:35] Day 9: 完成，产出文件已确认。
[2026-10-02 03:01:35] 冷却 600s 后生成 Day 10 ...
[2026-10-02 03:02:00] ===== 教程生成开始：Day 1 ~ Day 56（并发 1，冷却 600s，variant low，最多 3 轮）=====
[2026-10-02 03:02:00] ----- 第 1/3 轮 -----
[2026-10-02 03:02:00] Day 1: 已存在产出文件，跳过。
[2026-10-02 03:02:00] Day 2: 已存在产出文件，跳过。
[2026-10-02 03:02:00] Day 3: 已存在产出文件，跳过。
[2026-10-02 03:02:00] Day 4: 已存在产出文件，跳过。
[2026-10-02 03:02:00] Day 5: 已存在产出文件，跳过。
[2026-10-02 03:02:00] Day 6: 已存在产出文件，跳过。
[2026-10-02 03:02:00] Day 7: 发送给 cannbot ...
[2026-10-02 03:02:02] Day 8: 已存在产出文件，跳过。
[2026-10-02 03:02:02] Day 9: 已存在产出文件，跳过。
[2026-10-02 03:09:57] Day 7: 完成，产出文件已确认。
[2026-10-02 03:09:57] 冷却 600s 后生成 Day 10 ...
[2026-10-02 03:19:57] Day 10: 发送给 cannbot ...
[2026-10-02 03:28:56] Day 10: cannbot 正常退出但未找到 day 产出文件，视为失败（详见 logs/day10.log）。
[2026-10-02 03:28:56] 冷却 600s 后生成 Day 11 ...
[2026-10-02 03:38:56] Day 11: 发送给 cannbot ...
[2026-10-02 04:09:08] Day 11: 完成，产出文件已确认。
[2026-10-02 04:09:08] 冷却 600s 后生成 Day 12 ...
[2026-10-02 04:19:09] Day 12: 发送给 cannbot ...
[2026-10-02 05:14:35] Day 12: 完成，产出文件已确认。
[2026-10-02 05:14:35] 冷却 600s 后生成 Day 13 ...
[2026-10-02 05:24:35] Day 13: 发送给 cannbot ...
[2026-10-02 05:36:20] Day 13: cannbot 正常退出但未找到 day 产出文件，视为失败（详见 logs/day13.log）。
[2026-10-02 05:36:20] 冷却 600s 后生成 Day 14 ...
[2026-10-02 05:46:20] Day 14: 发送给 cannbot ...
[2026-10-02 06:01:08] Day 14: 完成，产出文件已确认。
[2026-10-02 06:01:08] 冷却 600s 后生成 Day 15 ...
[2026-10-02 06:11:08] Day 15: 发送给 cannbot ...
[2026-10-02 06:25:05] Day 15: 完成，产出文件已确认。
[2026-10-02 06:25:05] 冷却 600s 后生成 Day 16 ...
[2026-10-02 06:35:05] Day 16: 发送给 cannbot ...
[2026-10-02 06:42:55] Day 16: cannbot 正常退出但未找到 day 产出文件，视为失败（详见 logs/day16.log）。
[2026-10-02 06:42:55] 冷却 600s 后生成 Day 17 ...
[2026-10-02 06:52:55] Day 17: 发送给 cannbot ...
[2026-10-02 07:11:26] Day 17: 完成，产出文件已确认。
[2026-10-02 07:11:26] 冷却 600s 后生成 Day 18 ...
[2026-10-02 07:21:26] Day 18: 发送给 cannbot ...
[2026-10-02 07:36:46] Day 18: 完成，产出文件已确认。
[2026-10-02 07:36:46] 冷却 600s 后生成 Day 19 ...
[2026-10-02 07:46:46] Day 19: 发送给 cannbot ...
[2026-10-02 08:05:57] Day 19: 完成，产出文件已确认。
[2026-10-02 08:05:57] 冷却 600s 后生成 Day 20 ...
[2026-10-02 08:15:57] Day 20: 发送给 cannbot ...
[2026-10-02 08:27:40] Day 20: cannbot 正常退出但未找到 day 产出文件，视为失败（详见 logs/day20.log）。
[2026-10-02 08:27:40] 冷却 600s 后生成 Day 21 ...
[2026-10-02 08:37:40] Day 21: 发送给 cannbot ...
[2026-10-02 08:44:16] ===== 教程生成开始：Day 1 ~ Day 56（并发 1，冷却 600s，variant low，最多 3 轮）=====
[2026-10-02 08:44:16] ----- 第 1/3 轮 -----
[2026-10-02 08:44:16] Day 1: 已存在产出文件，跳过。
[2026-10-02 08:44:16] Day 2: 已存在产出文件，跳过。
[2026-10-02 08:44:16] Day 3: 已存在产出文件，跳过。
[2026-10-02 08:44:16] Day 4: 已存在产出文件，跳过。
[2026-10-02 08:44:16] Day 5: 已存在产出文件，跳过。
[2026-10-02 08:44:16] Day 6: 已存在产出文件，跳过。
[2026-10-02 08:44:16] Day 7: 已存在产出文件，跳过。
[2026-10-02 08:44:16] Day 8: 已存在产出文件，跳过。
[2026-10-02 08:44:16] Day 9: 已存在产出文件，跳过。
[2026-10-02 08:44:16] Day 10: 发送给 cannbot ...
[2026-10-02 08:44:18] Day 11: 已存在产出文件，跳过。
[2026-10-02 08:44:18] Day 12: 已存在产出文件，跳过。
[2026-10-02 09:06:41] Day 21: 完成，产出文件已确认。
[2026-10-02 09:06:41] 冷却 600s 后生成 Day 22 ...
[2026-10-02 09:06:50] ===== 教程生成开始：Day 1 ~ Day 56（并发 1，冷却 600s，variant low，最多 3 轮）=====
[2026-10-02 09:06:50] ----- 第 1/3 轮 -----
[2026-10-02 09:06:50] Day 1: 已存在产出文件，跳过。
[2026-10-02 09:06:50] Day 2: 已存在产出文件，跳过。
[2026-10-02 09:06:50] Day 3: 已存在产出文件，跳过。
[2026-10-02 09:06:50] Day 4: 已存在产出文件，跳过。
[2026-10-02 09:06:50] Day 5: 已存在产出文件，跳过。
[2026-10-02 09:06:50] Day 6: 已存在产出文件，跳过。
[2026-10-02 09:06:50] Day 7: 已存在产出文件，跳过。
[2026-10-02 09:06:50] Day 8: 已存在产出文件，跳过。
[2026-10-02 09:06:50] Day 9: 已存在产出文件，跳过。
[2026-10-02 09:06:50] Day 10: 发送给 cannbot ...
[2026-10-02 09:06:52] Day 11: 已存在产出文件，跳过。
[2026-10-02 09:06:52] Day 12: 已存在产出文件，跳过。
[2026-10-02 09:28:46] Day 10: 完成，产出文件已确认。
[2026-10-02 09:28:46] 冷却 600s 后生成 Day 13 ...
[2026-10-02 09:34:58] ===== 教程生成开始：Day 1 ~ Day 56（并发 1，冷却 0s，variant low，最多 3 轮）=====
[2026-10-02 09:34:58] ----- 第 1/3 轮 -----
[2026-10-02 09:34:58] Day 1: 已存在产出文件，跳过。
[2026-10-02 09:34:58] Day 2: 已存在产出文件，跳过。
[2026-10-02 09:34:58] Day 3: 已存在产出文件，跳过。
[2026-10-02 09:34:58] Day 4: 已存在产出文件，跳过。
[2026-10-02 09:34:58] Day 5: 已存在产出文件，跳过。
[2026-10-02 09:34:58] Day 6: 已存在产出文件，跳过。
[2026-10-02 09:34:58] Day 7: 已存在产出文件，跳过。
[2026-10-02 09:34:58] Day 8: 已存在产出文件，跳过。
[2026-10-02 09:34:58] Day 9: 已存在产出文件，跳过。
[2026-10-02 09:34:58] Day 10: 已存在产出文件，跳过。
[2026-10-02 09:34:58] Day 11: 已存在产出文件，跳过。
[2026-10-02 09:34:58] Day 12: 已存在产出文件，跳过。
[2026-10-02 09:34:58] Day 13: 发送给 cannbot ...
[2026-10-02 09:35:00] Day 14: 已存在产出文件，跳过。
[2026-10-02 09:35:00] Day 15: 已存在产出文件，跳过。
[2026-10-02 09:57:23] Day 13: 完成，产出文件已确认。
[2026-10-02 09:57:23] Day 16: 发送给 cannbot ...
[2026-10-02 09:57:25] Day 17: 已存在产出文件，跳过。
[2026-10-02 09:57:25] Day 18: 已存在产出文件，跳过。
[2026-10-02 09:57:25] Day 19: 已存在产出文件，跳过。
[2026-10-02 10:38:05] Day 16: 完成，产出文件已确认。
[2026-10-02 10:38:05] Day 20: 发送给 cannbot ...
[2026-10-02 10:38:07] Day 21: 已存在产出文件，跳过。
